Inicio catalogo secretos: 2026-03-05T08:59:13.1542622-04:00
Repositorio: C:\Desarrollo\cnp-docker

[Archivos .env detectados]
- .\backend\.env.local
  * NODE_ENV
  * PORT
  * SERVER_PORT
  * TRUST_PROXY
  * BASE_PATH
  * API_PREFIX
  * SOCKETIO_PATH
  * FRONTEND_URL
  * CORS_ORIGINS
  * CSRF_ORIGINS
  * VITE_BACKEND_URL
  * DB_SERVER
  * DB_USER
  * DB_PASSWORD
  * DB_PORT
  * RECEPCION_DATABASE
  * CONSULTA_DATABASE
  * SQL_ENCRYPT
  * SQL_TRUST_SERVER_CERTIFICATE
  * SQL_POOL_MAX
  * SQL_POOL_MIN
  * SQL_POOL_IDLE_MILLIS
  * SMTP_HOST
  * SMTP_PORT
  * SMTP_USER
  * SMTP_PASS
  * SMTP_SECURE
  * SMTP_FROM
  * JWT_PRIVATE_KEY_PATH
  * JWT_KID
  * JWT_SECRET
  * RATE_LIMIT_WINDOW_MS
  * RATE_LIMIT_MAX
  * LOG_LEVEL
  * FILE_UPLOAD_MAX_MB
- .\backend\.env.production
  * NODE_ENV
  * PORT
  * SERVER_PORT
  * TRUST_PROXY
  * BASE_PATH
  * API_PREFIX
  * SOCKETIO_PATH
  * FRONTEND_URL
  * CORS_ORIGINS
  * CSRF_ORIGINS
  * VITE_BACKEND_URL
  * DB_SERVER
  * DB_USER
  * DB_PASSWORD
  * DB_PORT
  * RECEPCION_DATABASE
  * CONSULTA_DATABASE
  * SQL_ENCRYPT
  * SQL_TRUST_SERVER_CERTIFICATE
  * SQL_POOL_MAX
  * SQL_POOL_MIN
  * SQL_POOL_IDLE_MILLIS
  * SMTP_HOST
  * SMTP_PORT
  * SMTP_USER
  * SMTP_PASS
  * SMTP_SECURE
  * SMTP_FROM
  * JWT_PRIVATE_KEY_PATH
  * JWT_KID
  * JWT_SECRET
  * RATE_LIMIT_WINDOW_MS
  * RATE_LIMIT_MAX
  * LOG_LEVEL
  * FILE_UPLOAD_MAX_MB
- .\frontend\.env
  * VITE_BASEPATH
  * VITE_API_BASE_URL
  * VITE_LOGIN_ENDPOINT
  * VITE_VALIDATION_ENDPOINT
  * VITE_BACKEND_URL
  * VITE_SECRET_KEY
- .\frontend\.env.production
  * VITE_BASEPATH
  * VITE_API_BASE_URL
  * VITE_LOGIN_ENDPOINT
  * VITE_VALIDATION_ENDPOINT
  * VITE_BACKEND_URL
  * VITE_CHANGE_PASSWORD_ENDPOINT
  * VITE_STATUS_ENDPOINT

[Variables process.env en codigo fuente]
backend\db.ts:16:process.env.DB_USER
backend\db.ts:17:process.env.DB_PASSWORD
backend\db.ts:18:process.env.DB_SERVER
backend\db.ts:19:process.env.DB_PORT
backend\db.ts:35:process.env.RECEPCION_DATABASE
backend\db.ts:49:process.env.CONSULTA_DATABASE
backend\config\connectValidacion.ts:28:process.env.DB_SERVER
backend\config\connectValidacion.ts:29:process.env.DB_USER
backend\config\connectValidacion.ts:30:process.env.DB_PASSWORD
backend\config\connectValidacion.ts:31:process.env.CONSULTA_DATABASE
backend\config\connectValidacion.ts:32:process.env.DB_PORT
backend\config\connectRecepcion.ts:29:process.env.DB_SERVER
backend\config\connectRecepcion.ts:30:process.env.DB_USER
backend\config\connectRecepcion.ts:31:process.env.DB_PASSWORD
backend\config\connectRecepcion.ts:32:process.env.RECEPCION_DATABASE
backend\config\connectRecepcion.ts:33:process.env.DB_PORT
backend\config\connectConsulta.ts:28:process.env.DB_SERVER
backend\config\connectConsulta.ts:29:process.env.DB_USER
backend\config\connectConsulta.ts:30:process.env.DB_PASSWORD
backend\config\connectConsulta.ts:31:process.env.CONSULTA_DATABASE
backend\config\connectConsulta.ts:32:process.env.DB_PORT
backend\controllers\authController.ts:22:process.env.JWT_SECRET
backend\server.ts:24:process.env.NODE_ENV
backend\server.ts:60:process.env.PORT
backend\server.ts:60:process.env.SERVER_PORT
backend\server.ts:61:process.env.TRUST_PROXY
backend\server.ts:87:process.env.BASE_PATH
backend\server.ts:88:process.env.API_PREFIX
backend\server.ts:89:process.env.SOCKETIO_PATH
backend\server.ts:97:process.env.CORS_ORIGINS
backend\server.ts:97:process.env.FRONTEND_URL
backend\controllers\organismoController.ts:36:process.env.DB_SERVER
backend\controllers\organismoController.ts:37:process.env.DB_USER
backend\controllers\organismoController.ts:38:process.env.DB_PASSWORD
backend\controllers\organismoController.ts:39:process.env.CONSULTA_DATABASE
backend\controllers\organismoController.ts:40:process.env.DB_PORT
backend\testMail.ts:16:process.env.SMTP_HOST
backend\testMail.ts:17:process.env.SMTP_PORT
backend\testMail.ts:20:process.env.SMTP_USER
backend\testMail.ts:21:process.env.SMTP_PASS
backend\testMail.ts:26:process.env.SMTP_USER
backend\middleware\csrfOrigin.ts:13:process.env.CSRF_ORIGINS
backend\middleware\csrfOrigin.ts:14:process.env.CORS_ORIGINS
backend\middleware\csrfOrigin.ts:15:process.env.FRONTEND_URL
backend\controllers\userController.ts:116:process.env.SMTP_HOST
backend\controllers\userController.ts:117:process.env.SMTP_PORT
backend\controllers\userController.ts:120:process.env.SMTP_USER
backend\controllers\userController.ts:121:process.env.SMTP_PASS
backend\controllers\userController.ts:127:process.env.BACKEND_URL
backend\controllers\userController.ts:131:process.env.SMTP_USER
backend\controllers\userController.ts:225:process.env.FRONTEND_URL
backend\controllers\userController.ts:241:process.env.FRONTEND_URL
backend\controllers\userController.ts:266:process.env.FRONTEND_URL
backend\controllers\userController.ts:269:process.env.FRONTEND_URL
backend\services\validationDataService.ts:15:process.env.VALIDATION_CACHE_TTL_MS
backend\middleware\auth.ts:45:process.env.JWT_SECRET
frontend\src\store.ts:31:process.env.NODE_ENV

[Variables unicas process.env]
- API_PREFIX
- BACKEND_URL
- BASE_PATH
- CONSULTA_DATABASE
- CORS_ORIGINS
- CSRF_ORIGINS
- DB_PASSWORD
- DB_PORT
- DB_SERVER
- DB_USER
- FRONTEND_URL
- JWT_SECRET
- NODE_ENV
- PORT
- RECEPCION_DATABASE
- SERVER_PORT
- SMTP_HOST
- SMTP_PASS
- SMTP_PORT
- SMTP_USER
- SOCKETIO_PATH
- TRUST_PROXY
- VALIDATION_CACHE_TTL_MS

[Hallazgos automaticos]
- Se detecta VITE_SECRET_KEY en frontend/.env (secreto expuesto en bundle).
- Se detectan secretos criticos en backend/.env.production (debe migrarse a mecanismo institucional).
- No se detecta backend/secrets/es256-priv.pem en workspace local (validar suministro de clave por secreto institucional).
