Inicio verificacion prerequisitos externos STAGING: 2026-03-05T09:33:53.6515744-04:00
Proyecto: C:\Desarrollo\cnp-docker
Host staging evaluado: c1491
Puertos evaluados: 443, 8443, 1433
Resultado general: BLOQUEADO

[Checklist]
[{"prerequisito":"TLS (certificado staging y llave privada localmente identificables)","estado":"PARCIAL","detalle":"certificado: True; llave: True; requiere validacion institucional final"},{"prerequisito":"TLS (metadatos tecnicos del certificado staging)","estado":"OK","detalle":"subject=CN=c1491.map.local, OU=Desarrollo, O=MAP, L=Santo Domingo, S=Santo Domingo, C=DO; issuer=CN=c1491.map.local, OU=Desarrollo, O=MAP, L=Santo Domingo, S=Santo Domingo, C=DO; notBefore=2025-09-11T13:53:58.0000000-04:00; notAfter=2026-09-11T13:53:58.0000000-04:00"},{"prerequisito":"DNS de host staging","estado":"OK","detalle":"192.168.30.67"},{"prerequisito":"Firewall/red (conectividad TCP puertos objetivo)","estado":"PARCIAL","detalle":"443=OK; 8443=FALLA; 1433=FALLA"},{"prerequisito":"Credenciales CI/CD de despliegue","estado":"PENDIENTE_EXTERNO","detalle":"No hay referencias explicitas de secretos de despliegue en workflows."},{"prerequisito":"Acceso a registry privado","estado":"PENDIENTE_EXTERNO","detalle":"Referencias registry: 0; credenciales locales docker auths: 0"},{"prerequisito":"Ventana de cambio autorizada para STAGING","estado":"PENDIENTE_EXTERNO","detalle":"Referencias documentales detectadas: 33. Se requiere acta institucional de aprobacion."}]

[Pruebas de puertos]
[{"puerto":443,"estado":"OK","detalle":"Conectividad TCP habilitada"},{"puerto":8443,"estado":"FALLA","detalle":"Sin respuesta TCP"},{"puerto":1433,"estado":"FALLA","detalle":"Sin respuesta TCP"}]

[Referencias CI/CD secrets]

[Referencias registry]

[Referencias ventana de cambio]
C:\Desarrollo\cnp-docker\docs\\migracion\\ejecucion\04_Sprint1_Validacion_Secuencia_Prerequisitos.md:14:- Inclusiones explicitas de prerequisitos externos previos a STAGING (TLS, DNS/firewall, credenciales CI/CD, registry y ventana de cambio).
C:\Desarrollo\cnp-docker\docs\\migracion\\ejecucion\08_Sprint1_A11_Baseline_Control_Objetivo.md:19:4. Decisiones de cierre formal del Sprint (incluyendo go/no-go).
C:\Desarrollo\cnp-docker\docs\\migracion\\ejecucion\08_Sprint1_A11_Baseline_Control_Objetivo.md:32:8. `A.2.5.1` Consolidar backlog + decision go/no-go.
C:\Desarrollo\cnp-docker\docs\\migracion\\ejecucion\08_Sprint1_A11_Baseline_Control_Objetivo.md:43:  - `A.3.6` Decision formal go/no-go.
C:\Desarrollo\cnp-docker\docs\\migracion\\ejecucion\18_Sprint1_Dia3_A231_Tecnicas_Transversales.md:15:con lineamientos aplicables a frontend, backend, proxy y pipeline CI/CD.
C:\Desarrollo\cnp-docker\docs\\migracion\\ejecucion\19_Sprint1_Dia3_A232_Topologia_Servicios_Flujos.md:108:- TLS, control de cabeceras y limites de trafico aplicados en edge.
C:\Desarrollo\cnp-docker\docs\\migracion\\ejecucion\22_Sprint1_Dia3_A235_Evidencia_Extensiones_VSCode_Apertura_Workspace.md:8:Registrar evidencia verificable de:
C:\Desarrollo\cnp-docker\docs\\migracion\\ejecucion\24_Sprint1_Dia4_A242_Matriz_Secretos_Registro_Riesgos.md:50:3. Cada riesgo tiene mitigacion verificable y responsable directo.
C:\Desarrollo\cnp-docker\docs\\migracion\\ejecucion\25A_Backlog_Decision_GoNoGo_20260305_091327.log:1:Inicio consolidacion backlog y decision go/no-go: 2026-03-05T09:13:27.9907960-04:00
C:\Desarrollo\cnp-docker\docs\\migracion\\ejecucion\25A_Backlog_Decision_GoNoGo_20260305_091327.log:23:- BLG-013 Confirmar ventana de cambio autorizada para STAGING (A.2.5.3).
C:\Desarrollo\cnp-docker\docs\\migracion\\ejecucion\25_Sprint1_Dia5_A251_Backlog_Consolidado_Decision_GoNoGo.md:1:# Paso 25 - Sprint 1 - Dia 5 - Backlog consolidado y decision go/no-go (`A.2.5.1`)
C:\Desarrollo\cnp-docker\docs\\migracion\\ejecucion\25_Sprint1_Dia5_A251_Backlog_Consolidado_Decision_GoNoGo.md:8:Consolidar el backlog prioritario de cierre de Sprint 1 y emitir una decision formal `go/no-go` basada en riesgos activos y prerequisitos pendientes.
C:\Desarrollo\cnp-docker\docs\\migracion\\ejecucion\25_Sprint1_Dia5_A251_Backlog_Consolidado_Decision_GoNoGo.md:34:| BLG-013 | Confirmar ventana de cambio autorizada para STAGING (`A.2.5.3`) | P0 | Ninguna | Operaciones + Gestion de cambio | 0.5 dia | Ventana registrada y aprobada | Pendiente |
C:\Desarrollo\cnp-docker\docs\\migracion\\ejecucion\25_Sprint1_Dia5_A251_Backlog_Consolidado_Decision_GoNoGo.md:36:## 4) Criterios de decision `go/no-go` evaluados
C:\Desarrollo\cnp-docker\docs\\migracion\\ejecucion\25_Sprint1_Dia5_A251_Backlog_Consolidado_Decision_GoNoGo.md:52:- [x] Decision formal go/no-go emitida y justificada.
C:\Desarrollo\cnp-docker\docs\\migracion\\ejecucion\27A_Verificacion_Prerequisitos_Externos_STAGING_20260305_093249.log:8:[{"prerequisito":"TLS (certificado staging y llave privada localmente identificables)","estado":"PARCIAL","detalle":"certificado: True; llave: True; requiere validacion institucional final"},{"prerequisito":"TLS (metadatos tecnicos del certificado staging)","estado":"OK","detalle":"Archivo encontrado; OpenSSL no disponible para inspeccion"},{"prerequisito":"DNS de host staging","estado":"OK","detalle":"192.168.30.67"},{"prerequisito":"Firewall/red (conectividad TCP puertos objetivo)","estado":"PARCIAL","detalle":"443=OK; 8443=FALLA; 1433=FALLA"},{"prerequisito":"Credenciales CI/CD de despliegue","estado":"PENDIENTE_EXTERNO","detalle":"No hay referencias explicitas de secretos de despliegue en workflows."},{"prerequisito":"Acceso a registry privado","estado":"PENDIENTE_EXTERNO","detalle":"Referencias registry: 117; credenciales locales docker auths: 0"},{"prerequisito":"Ventana de cambio autorizada para STAGING","estado":"PENDIENTE_EXTERNO","detalle":"Referencias documentales detectadas: 15. Se requiere acta institucional de aprobacion."}]
C:\Desarrollo\cnp-docker\docs\\migracion\\ejecucion\27A_Verificacion_Prerequisitos_Externos_STAGING_20260305_093249.log:39:C:\Desarrollo\cnp-docker\docs\migracion\ejecucion\04_Sprint1_Validacion_Secuencia_Prerequisitos.md:14:- Inclusiones explicitas de prerequisitos externos previos a STAGING (TLS, DNS/firewall, credenciales CI/CD, registry y ventana de cambio).
C:\Desarrollo\cnp-docker\docs\\migracion\\ejecucion\27A_Verificacion_Prerequisitos_Externos_STAGING_20260305_093249.log:134:[Referencias ventana de cambio]
C:\Desarrollo\cnp-docker\docs\\migracion\\ejecucion\27A_Verificacion_Prerequisitos_Externos_STAGING_20260305_093249.log:135:C:\Desarrollo\cnp-docker\docs\\migracion\\ejecucion\04_Sprint1_Validacion_Secuencia_Prerequisitos.md:14:- Inclusiones explicitas de prerequisitos externos previos a STAGING (TLS, DNS/firewall, credenciales CI/CD, registry y ventana de cambio).
C:\Desarrollo\cnp-docker\docs\\migracion\\ejecucion\27A_Verificacion_Prerequisitos_Externos_STAGING_20260305_093249.log:136:C:\Desarrollo\cnp-docker\docs\\migracion\\ejecucion\08_Sprint1_A11_Baseline_Control_Objetivo.md:19:4. Decisiones de cierre formal del Sprint (incluyendo go/no-go).
C:\Desarrollo\cnp-docker\docs\\migracion\\ejecucion\27A_Verificacion_Prerequisitos_Externos_STAGING_20260305_093249.log:137:C:\Desarrollo\cnp-docker\docs\\migracion\\ejecucion\08_Sprint1_A11_Baseline_Control_Objetivo.md:32:8. `A.2.5.1` Consolidar backlog + decision go/no-go.
C:\Desarrollo\cnp-docker\docs\\migracion\\ejecucion\27A_Verificacion_Prerequisitos_Externos_STAGING_20260305_093249.log:138:C:\Desarrollo\cnp-docker\docs\\migracion\\ejecucion\08_Sprint1_A11_Baseline_Control_Objetivo.md:43:  - `A.3.6` Decision formal go/no-go.
C:\Desarrollo\cnp-docker\docs\\migracion\\ejecucion\27A_Verificacion_Prerequisitos_Externos_STAGING_20260305_093249.log:139:C:\Desarrollo\cnp-docker\docs\\migracion\\ejecucion\18_Sprint1_Dia3_A231_Tecnicas_Transversales.md:15:con lineamientos aplicables a frontend, backend, proxy y pipeline CI/CD.
C:\Desarrollo\cnp-docker\docs\\migracion\\ejecucion\27A_Verificacion_Prerequisitos_Externos_STAGING_20260305_093249.log:140:C:\Desarrollo\cnp-docker\docs\\migracion\\ejecucion\19_Sprint1_Dia3_A232_Topologia_Servicios_Flujos.md:108:- TLS, control de cabeceras y limites de trafico aplicados en edge.
C:\Desarrollo\cnp-docker\docs\\migracion\\ejecucion\27A_Verificacion_Prerequisitos_Externos_STAGING_20260305_093249.log:141:C:\Desarrollo\cnp-docker\docs\\migracion\\ejecucion\22_Sprint1_Dia3_A235_Evidencia_Extensiones_VSCode_Apertura_Workspace.md:8:Registrar evidencia verificable de:
C:\Desarrollo\cnp-docker\docs\\migracion\\ejecucion\27A_Verificacion_Prerequisitos_Externos_STAGING_20260305_093249.log:142:C:\Desarrollo\cnp-docker\docs\\migracion\\ejecucion\24_Sprint1_Dia4_A242_Matriz_Secretos_Registro_Riesgos.md:50:3. Cada riesgo tiene mitigacion verificable y responsable directo.
C:\Desarrollo\cnp-docker\docs\\migracion\\ejecucion\27A_Verificacion_Prerequisitos_Externos_STAGING_20260305_093249.log:143:C:\Desarrollo\cnp-docker\docs\\migracion\\ejecucion\25A_Backlog_Decision_GoNoGo_20260305_091327.log:1:Inicio consolidacion backlog y decision go/no-go: 2026-03-05T09:13:27.9907960-04:00
C:\Desarrollo\cnp-docker\docs\\migracion\\ejecucion\27A_Verificacion_Prerequisitos_Externos_STAGING_20260305_093249.log:144:C:\Desarrollo\cnp-docker\docs\\migracion\\ejecucion\25A_Backlog_Decision_GoNoGo_20260305_091327.log:23:- BLG-013 Confirmar ventana de cambio autorizada para STAGING (A.2.5.3).
C:\Desarrollo\cnp-docker\docs\\migracion\\ejecucion\27A_Verificacion_Prerequisitos_Externos_STAGING_20260305_093249.log:145:C:\Desarrollo\cnp-docker\docs\\migracion\\ejecucion\25_Sprint1_Dia5_A251_Backlog_Consolidado_Decision_GoNoGo.md:1:# Paso 25 - Sprint 1 - Dia 5 - Backlog consolidado y decision go/no-go (`A.2.5.1`)
C:\Desarrollo\cnp-docker\docs\\migracion\\ejecucion\27A_Verificacion_Prerequisitos_Externos_STAGING_20260305_093249.log:146:C:\Desarrollo\cnp-docker\docs\\migracion\\ejecucion\25_Sprint1_Dia5_A251_Backlog_Consolidado_Decision_GoNoGo.md:8:Consolidar el backlog prioritario de cierre de Sprint 1 y emitir una decision formal `go/no-go` basada en riesgos activos y prerequisitos pendientes.
C:\Desarrollo\cnp-docker\docs\\migracion\\ejecucion\27A_Verificacion_Prerequisitos_Externos_STAGING_20260305_093249.log:147:C:\Desarrollo\cnp-docker\docs\\migracion\\ejecucion\25_Sprint1_Dia5_A251_Backlog_Consolidado_Decision_GoNoGo.md:34:| BLG-013 | Confirmar ventana de cambio autorizada para STAGING (`A.2.5.3`) | P0 | Ninguna | Operaciones + Gestion de cambio | 0.5 dia | Ventana registrada y aprobada | Pendiente |
C:\Desarrollo\cnp-docker\docs\\migracion\\ejecucion\27A_Verificacion_Prerequisitos_Externos_STAGING_20260305_093249.log:148:C:\Desarrollo\cnp-docker\docs\\migracion\\ejecucion\25_Sprint1_Dia5_A251_Backlog_Consolidado_Decision_GoNoGo.md:36:## 4) Criterios de decision `go/no-go` evaluados
C:\Desarrollo\cnp-docker\docs\\migracion\\ejecucion\27A_Verificacion_Prerequisitos_Externos_STAGING_20260305_093249.log:149:C:\Desarrollo\cnp-docker\docs\\migracion\\ejecucion\25_Sprint1_Dia5_A251_Backlog_Consolidado_Decision_GoNoGo.md:52:- [x] Decision formal go/no-go emitida y justificada.
