=== PREREQUISITOS LOCALES SQL ===
Archivo entorno: C:\Desarrollo\cnp-docker\scripts\migracion\..\..\backend\.env.local
Host VALIDACION: q1491n2023:1433
Host CONSULTA: d1491n2023:1433
Host RECEPCION: d1491n2023:1433
Auth VALIDACION: sql
Auth CONSULTA: sql
Auth RECEPCION: sql

WSL: OK
Docker version: OK
Docker info: OK
VALIDACION red: False
VALIDACION permisos: FALLA
VALIDACION detalle: No se pudo abrir el puerto SQL de VALIDACION.
CONSULTA red: False
CONSULTA permisos: FALLA
CONSULTA detalle: No se pudo abrir el puerto SQL de CONSULTA.
RECEPCION red: False
RECEPCION permisos: FALLA
RECEPCION detalle: No se pudo abrir el puerto SQL de RECEPCION.
Log: C:\Desarrollo\cnp-docker\scripts\migracion\..\..\docs\migracion\ejecucion\29A_Verificacion_Prerequisitos_Locales_Dual_SQL_20260306_105839.log
