docker : #0 building with "desktop-linux" instance using docker driver
At C:\Desarrollo\cnp-docker\scripts\migracion\ejecutar_pipeline_base_docker_dev_ci.ps1:314 char:51
+ ... esultadoBuild = Ejecutar-Comando -Comando { docker @argumentosBuild }
+                                                 ~~~~~~~~~~~~~~~~~~~~~~~
    + CategoryInfo          : NotSpecified: (#0 building wit...g docker driver:String) [], RemoteException
    + FullyQualifiedErrorId : NativeCommandError
 

#1 [internal] load build definition from Dockerfile
#1 transferring dockerfile: 1.34kB 0.0s done
#1 DONE 0.0s

#2 [internal] load metadata for docker.io/library/node:24-bookworm-slim
#2 DONE 10.0s

#3 [internal] load .dockerignore
#3 transferring context: 118B done
#3 DONE 0.0s

#4 [deps 1/5] FROM 
docker.io/library/node:24-bookworm-slim@sha256:e8e2e91b1378f83c5b2dd15f0247f34110e2fe895f6ca7719dbb780f929368eb
#4 resolve 
docker.io/library/node:24-bookworm-slim@sha256:e8e2e91b1378f83c5b2dd15f0247f34110e2fe895f6ca7719dbb780f929368eb 0.0s 
done
#4 DONE 0.0s

#5 [internal] load build context
#5 transferring context: 154.37kB 0.3s done
#5 DONE 0.3s

#6 [deps 5/5] RUN npm ci
#6 CACHED

#7 [deps 2/5] WORKDIR /app
#7 CACHED

#8 [deps 3/5] RUN apt-get update     && apt-get install -y --no-install-recommends python3 make g++ unixodbc 
unixodbc-dev     && rm -rf /var/lib/apt/lists/*
#8 CACHED

#9 [deps 4/5] COPY package.json package-lock.json ./
#9 CACHED

#10 [build 3/5] COPY --from=deps /app/node_modules ./node_modules
#10 CACHED

#11 [build 4/5] COPY . .
#11 DONE 1.5s

#12 [build 5/5] RUN npm run build     && npm prune --omit=dev
#12 1.321 
#12 1.321 > cnp-backend@1.0.0 build
#12 1.321 > npm run typecheck && tsc -p tsconfig.json
#12 1.321 
#12 1.489 
#12 1.489 > cnp-backend@1.0.0 typecheck
#12 1.489 > tsc --noEmit -p tsconfig.json
#12 1.489 
#12 6.933 npm notice
#12 6.933 npm notice New minor version of npm available! 11.9.0 -> 11.11.0
#12 6.933 npm notice Changelog: https://github.com/npm/cli/releases/tag/v11.11.0
#12 6.933 npm notice To update run: npm install -g npm@11.11.0
#12 6.933 npm notice
#12 32.46 
#12 32.46 removed 471 packages, and audited 266 packages in 25s
#12 32.46 
#12 32.46 28 packages are looking for funding
#12 32.46   run `npm fund` for details
#12 32.47 
#12 32.47 5 vulnerabilities (2 low, 1 moderate, 2 high)
#12 32.47 
#12 32.47 To address issues that do not require attention, run:
#12 32.47   npm audit fix
#12 32.47 
#12 32.47 To address all issues (including breaking changes), run:
#12 32.47   npm audit fix --force
#12 32.47 
#12 32.47 Run `npm audit` for details.
#12 DONE 32.5s

#13 [runtime 3/5] COPY --from=build /app/package.json /app/package-lock.json ./
#13 CACHED

#14 [runtime 4/5] COPY --from=build /app/node_modules ./node_modules
#14 CACHED

#15 [runtime 5/5] COPY --from=build /app/build ./build
#15 CACHED

#16 exporting to image
#16 exporting layers 0.0s done
#16 exporting manifest sha256:05dc57bc418cf79f0142a1f120b4f1cecad275d656ccd8556da83a65b7c70438 0.0s done
#16 exporting config sha256:72f54147b6466d11a81e0107382f20d8a1a859de308baa86db3f1e37a2741cc0 0.0s done
#16 exporting attestation manifest sha256:4bc1cb0598ccd92736e080f881846d71f058c51ff2fd3082c7809c0d6564fee0 0.0s done
#16 exporting manifest list sha256:6441881942f54a0359b9a10ae07bbbd706effde659d6bc5e36475a36f498e346
#16 exporting manifest list sha256:6441881942f54a0359b9a10ae07bbbd706effde659d6bc5e36475a36f498e346 0.0s done
#16 naming to docker.io/library/cnp-backend:sha-97e66a7 done
#16 unpacking to docker.io/library/cnp-backend:sha-97e66a7 0.0s done
#16 naming to docker.io/library/cnp-backend:dev done
#16 unpacking to docker.io/library/cnp-backend:dev 0.0s done
#16 DONE 0.3s

View build details: docker-desktop://dashboard/build/desktop-linux/desktop-linux/2mladv26xos44kjk1afgofpv2