docker : #0 building with "desktop-linux" instance using docker driver
At C:\Desarrollo\cnp-docker\scripts\migracion\ejecutar_pipeline_base_docker_dev_ci.ps1:319 char:51
+ ... esultadoBuild = Ejecutar-Comando -Comando { docker @argumentosBuild }
+                                                 ~~~~~~~~~~~~~~~~~~~~~~~
    + CategoryInfo          : NotSpecified: (#0 building wit...g docker driver:String) [], RemoteException
    + FullyQualifiedErrorId : NativeCommandError
 

#1 [internal] load build definition from Dockerfile
#1 transferring dockerfile: 1.67kB 0.0s done
#1 DONE 0.0s

#2 [internal] load metadata for docker.io/library/node:24-bookworm-slim
#2 DONE 0.0s

#3 [internal] load metadata for docker.io/library/nginx:1.27-alpine
#3 ...

#4 [auth] library/nginx:pull token for registry-1.docker.io
#4 DONE 0.0s

#3 [internal] load metadata for docker.io/library/nginx:1.27-alpine
#3 DONE 0.8s

#5 [internal] load .dockerignore
#5 transferring context: 138B 0.0s done
#5 DONE 0.0s

#6 [runtime 1/4] FROM 
docker.io/library/nginx:1.27-alpine@sha256:65645c7bb6a0661892a8b03b89d0743208a18dd2f3f17a54ef4b76fb8e2f2a10
#6 resolve docker.io/library/nginx:1.27-alpine@sha256:65645c7bb6a0661892a8b03b89d0743208a18dd2f3f17a54ef4b76fb8e2f2a10 
0.0s done
#6 DONE 0.0s

#7 [build 1/6] FROM 
docker.io/library/node:24-bookworm-slim@sha256:e8e2e91b1378f83c5b2dd15f0247f34110e2fe895f6ca7719dbb780f929368eb
#7 resolve 
docker.io/library/node:24-bookworm-slim@sha256:e8e2e91b1378f83c5b2dd15f0247f34110e2fe895f6ca7719dbb780f929368eb 0.0s 
done
#7 DONE 0.0s

#8 [internal] load build context
#8 transferring context: 89.94kB 0.1s done
#8 DONE 0.1s

#9 [build 4/6] RUN npm ci
#9 CACHED

#10 [build 5/6] COPY . .
#10 CACHED

#11 [build 2/6] WORKDIR /app
#11 CACHED

#12 [build 3/6] COPY package.json package-lock.json ./
#12 CACHED

#13 [runtime 2/4] COPY nginx/default.conf /etc/nginx/conf.d/default.conf
#13 CACHED

#14 [build 6/6] RUN npm run build
#14 CACHED

#15 [runtime 3/4] RUN rm -rf /usr/share/nginx/html/* && mkdir -p /usr/share/nginx/html/cnp
#15 DONE 0.3s

#16 [runtime 4/4] COPY --from=build /app/dist/ /usr/share/nginx/html/cnp/
#16 DONE 0.0s

#17 exporting to image
#17 exporting layers 0.1s done
#17 exporting manifest sha256:84bab209bbc1257054af12ccb74c2f1e4d2e45a6f0882bbff038b42283b94c9e 0.0s done
#17 exporting config sha256:9f533092213152925ccbc1999cf48d123658e509dde2f7002fabf13c0c8d72d7 0.0s done
#17 exporting attestation manifest sha256:55d17650d2fe39cd8be8f637110b99708a80cb37521a8a87973c8ab6d504b4e7 0.0s done
#17 exporting manifest list sha256:b6b194b22dfaeb63e60172be6337548c86536bb92989579dfcd8a5597b9e5c2f 0.0s done
#17 naming to docker.io/library/cnp-frontend:sha-97e66a7 done
#17 unpacking to docker.io/library/cnp-frontend:sha-97e66a7 0.1s done
#17 naming to docker.io/library/cnp-frontend:dev done
#17 unpacking to docker.io/library/cnp-frontend:dev 0.0s done
#17 DONE 0.3s

 [33m4 warnings found (use docker --debug to expand):
[0m - SecretsUsedInArgOrEnv: Do not use ARG or ENV instructions for sensitive data (ARG 
"VITE_CHANGE_PASSWORD_ENDPOINT") (line 11)
 - SecretsUsedInArgOrEnv: Do not use ARG or ENV instructions for sensitive data (ARG "VITE_SECRET_KEY") (line 14)
 - SecretsUsedInArgOrEnv: Do not use ARG or ENV instructions for sensitive data (ENV "VITE_CHANGE_PASSWORD_ENDPOINT") 
(line 16)
 - SecretsUsedInArgOrEnv: Do not use ARG or ENV instructions for sensitive data (ENV "VITE_SECRET_KEY") (line 16)

View build details: docker-desktop://dashboard/build/desktop-linux/desktop-linux/l2kv4ab7ii0g9v6j6dfkcsjme