docker : #0 building with "desktop-linux" instance using docker driver
At C:\Desarrollo\cnp-docker\scripts\migracion\ejecutar_pipeline_base_docker_dev_ci.ps1:319 char:51
+ ... esultadoBuild = Ejecutar-Comando -Comando { docker @argumentosBuild }
+                                                 ~~~~~~~~~~~~~~~~~~~~~~~
    + CategoryInfo          : NotSpecified: (#0 building wit...g docker driver:String) [], RemoteException
    + FullyQualifiedErrorId : NativeCommandError
 

#1 [internal] load build definition from Dockerfile
#1 transferring dockerfile: 1.67kB 0.0s done
#1 DONE 0.0s

#2 [internal] load metadata for docker.io/library/node:24-bookworm-slim
#2 DONE 0.0s

#3 [internal] load metadata for docker.io/library/nginx:1.27-alpine
#3 ...

#4 [auth] library/nginx:pull token for registry-1.docker.io
#4 DONE 0.0s

#3 [internal] load metadata for docker.io/library/nginx:1.27-alpine
#3 DONE 0.9s

#5 [internal] load .dockerignore
#5 transferring context: 138B 0.0s done
#5 DONE 0.0s

#6 [build 1/6] FROM 
docker.io/library/node:24-bookworm-slim@sha256:e8e2e91b1378f83c5b2dd15f0247f34110e2fe895f6ca7719dbb780f929368eb
#6 resolve 
docker.io/library/node:24-bookworm-slim@sha256:e8e2e91b1378f83c5b2dd15f0247f34110e2fe895f6ca7719dbb780f929368eb 0.0s 
done
#6 DONE 0.0s

#7 [runtime 1/4] FROM 
docker.io/library/nginx:1.27-alpine@sha256:65645c7bb6a0661892a8b03b89d0743208a18dd2f3f17a54ef4b76fb8e2f2a10
#7 resolve docker.io/library/nginx:1.27-alpine@sha256:65645c7bb6a0661892a8b03b89d0743208a18dd2f3f17a54ef4b76fb8e2f2a10 
0.0s done
#7 DONE 0.0s

#8 [internal] load build context
#8 transferring context: 4.88kB 0.2s done
#8 DONE 0.2s

#9 [build 2/6] WORKDIR /app
#9 CACHED

#10 [build 3/6] COPY package.json package-lock.json ./
#10 CACHED

#11 [runtime 2/4] COPY nginx/default.conf /etc/nginx/conf.d/default.conf
#11 CACHED

#12 [build 4/6] RUN npm ci
#12 CACHED

#13 [build 5/6] COPY . .
#13 DONE 0.1s

#14 [runtime 3/4] RUN rm -rf /usr/share/nginx/html/* && mkdir -p /usr/share/nginx/html/cnp
#14 DONE 0.4s

#15 [build 6/6] RUN npm run build
#15 0.453 
#15 0.453 > cnp@0.0.0 build
#15 0.453 > tsc -b && vite build
#15 0.453 
#15 5.940 vite v6.3.6 building for production...
#15 6.004 transforming...
#15 15.26 ✓ 12272 modules transformed.
#15 15.82 [plugin vite:reporter] 
#15 15.82 (!) /app/src/components/SubirNominaJSON.tsx is dynamically imported by /app/src/components/Encabezado.tsx 
but also statically imported by /app/src/components/Principal.tsx, dynamic import will not move module into another 
chunk.
#15 15.82 
#15 15.82 rendering chunks...
#15 15.85 computing gzip size...
#15 15.89 dist/index.html                    0.66 kB │ gzip:   0.38 kB
#15 15.89 dist/assets/index-DXJnl9bl.js  1,151.77 kB │ gzip: 349.63 kB
#15 15.89 
#15 15.89 (!) Some chunks are larger than 500 kB after minification. Consider:
#15 15.89 - Using dynamic import() to code-split the application
#15 15.89 - Use build.rollupOptions.output.manualChunks to improve chunking: 
https://rollupjs.org/configuration-options/#output-manualchunks
#15 15.89 - Adjust chunk size limit for this warning via build.chunkSizeWarningLimit.
#15 15.89 ✓ built in 9.93s
#15 DONE 16.1s

#16 [runtime 4/4] COPY --from=build /app/dist/ /usr/share/nginx/html/cnp/
#16 DONE 0.1s

#17 exporting to image
#17 exporting layers
#17 exporting layers 0.2s done
#17 exporting manifest sha256:1ee63f99611682b96879ed8d06d0bedd678283629919c3ebe5ce901ccc901530 0.0s done
#17 exporting config sha256:86131e63ab31071b62625d438e554ea4eef253bb9e35c8baefa5fd39ea70b276 0.0s done
#17 exporting attestation manifest sha256:573cdd0b0370070c193afdb1658240443a24ad2b0c270f93c2dc61257ed10342 0.0s done
#17 exporting manifest list sha256:f7ab0c9117f02e8eb54b61f9cf83443994b3f74f8c86be93f3e09b003a3ef107 0.0s done
#17 naming to docker.io/library/cnp-frontend:sha-c03d6c7
#17 naming to docker.io/library/cnp-frontend:sha-c03d6c7 done
#17 unpacking to docker.io/library/cnp-frontend:sha-c03d6c7 0.1s done
#17 naming to docker.io/library/cnp-frontend:dev done
#17 unpacking to docker.io/library/cnp-frontend:dev 0.0s done
#17 DONE 0.5s

 [33m4 warnings found (use docker --debug to expand):
[0m - SecretsUsedInArgOrEnv: Do not use ARG or ENV instructions for sensitive data (ARG 
"VITE_CHANGE_PASSWORD_ENDPOINT") (line 11)
 - SecretsUsedInArgOrEnv: Do not use ARG or ENV instructions for sensitive data (ARG "VITE_SECRET_KEY") (line 14)
 - SecretsUsedInArgOrEnv: Do not use ARG or ENV instructions for sensitive data (ENV "VITE_CHANGE_PASSWORD_ENDPOINT") 
(line 16)
 - SecretsUsedInArgOrEnv: Do not use ARG or ENV instructions for sensitive data (ENV "VITE_SECRET_KEY") (line 16)

View build details: docker-desktop://dashboard/build/desktop-linux/desktop-linux/du2j8xjon68a7k1s90wpf8ksy