docker : #0 building with "desktop-linux" instance using docker driver
At C:\Desarrollo\cnp-docker\scripts\migracion\ejecutar_pipeline_base_docker_dev_ci.ps1:319 char:51
+ ... esultadoBuild = Ejecutar-Comando -Comando { docker @argumentosBuild }
+                                                 ~~~~~~~~~~~~~~~~~~~~~~~
    + CategoryInfo          : NotSpecified: (#0 building wit...g docker driver:String) [], RemoteException
    + FullyQualifiedErrorId : NativeCommandError
 

#1 [internal] load build definition from Dockerfile
#1 transferring dockerfile: 1.34kB 0.0s done
#1 DONE 0.0s

#2 [internal] load metadata for docker.io/library/node:24-bookworm-slim
#2 DONE 0.1s

#3 [internal] load .dockerignore
#3 transferring context: 118B 0.0s done
#3 DONE 0.0s

#4 [deps 1/5] FROM 
docker.io/library/node:24-bookworm-slim@sha256:e8e2e91b1378f83c5b2dd15f0247f34110e2fe895f6ca7719dbb780f929368eb
#4 resolve 
docker.io/library/node:24-bookworm-slim@sha256:e8e2e91b1378f83c5b2dd15f0247f34110e2fe895f6ca7719dbb780f929368eb 0.0s 
done
#4 DONE 0.0s

#5 [internal] load build context
#5 transferring context: 3.61kB 0.3s done
#5 DONE 0.3s

#6 [deps 2/5] WORKDIR /app
#6 CACHED

#7 [deps 3/5] RUN apt-get update     && apt-get install -y --no-install-recommends python3 make g++ unixodbc 
unixodbc-dev     && rm -rf /var/lib/apt/lists/*
#7 CACHED

#8 [deps 4/5] COPY package.json package-lock.json ./
#8 CACHED

#9 [deps 5/5] RUN npm ci
#9 CACHED

#10 [build 3/5] COPY --from=deps /app/node_modules ./node_modules
#10 CACHED

#11 [build 4/5] COPY . .
#11 DONE 0.1s

#12 [build 5/5] RUN npm run build     && npm prune --omit=dev
#12 1.241 
#12 1.241 > cnp-backend@1.0.0 build
#12 1.241 > npm run typecheck && tsc -p tsconfig.json
#12 1.241 
#12 1.394 
#12 1.394 > cnp-backend@1.0.0 typecheck
#12 1.394 > tsc --noEmit -p tsconfig.json
#12 1.394 
#12 5.437 npm notice
#12 5.437 npm notice New minor version of npm available! 11.9.0 -> 11.11.0
#12 5.437 npm notice Changelog: https://github.com/npm/cli/releases/tag/v11.11.0
#12 5.437 npm notice To update run: npm install -g npm@11.11.0
#12 5.437 npm notice
#12 28.91 
#12 28.91 removed 471 packages, and audited 266 packages in 23s
#12 28.91 
#12 28.91 28 packages are looking for funding
#12 28.91   run `npm fund` for details
#12 28.92 
#12 28.92 5 vulnerabilities (2 low, 1 moderate, 2 high)
#12 28.92 
#12 28.92 To address issues that do not require attention, run:
#12 28.92   npm audit fix
#12 28.92 
#12 28.92 To address all issues (including breaking changes), run:
#12 28.92   npm audit fix --force
#12 28.92 
#12 28.92 Run `npm audit` for details.
#12 DONE 29.1s

#13 [runtime 3/5] COPY --from=build /app/package.json /app/package-lock.json ./
#13 CACHED

#14 [runtime 4/5] COPY --from=build /app/node_modules ./node_modules
#14 CACHED

#15 [runtime 5/5] COPY --from=build /app/build ./build
#15 CACHED

#16 exporting to image
#16 exporting layers done
#16 exporting manifest sha256:4697f39c882ef50240e5a45a77243b5ceac502252d6e7ff0d6156a5f531f2eb2 0.0s done
#16 exporting config sha256:869491223c066bf280d07d65efa84e2246e9224e201e31a9818c978416132732 0.0s done
#16 exporting attestation manifest sha256:9efc041f03969993823f2fe273b1fa3c8d23a8d596ea7df36643681436dd0190 0.0s done
#16 exporting manifest list sha256:8ace4ba5f130df2917def1e98795f9f1bc7af5b9873a9fbfdf6fa435004e4183
#16 exporting manifest list sha256:8ace4ba5f130df2917def1e98795f9f1bc7af5b9873a9fbfdf6fa435004e4183 0.0s done
#16 naming to docker.io/library/cnp-backend:sha-c03d6c7 done
#16 unpacking to docker.io/library/cnp-backend:sha-c03d6c7 0.0s done
#16 naming to docker.io/library/cnp-backend:dev done
#16 unpacking to docker.io/library/cnp-backend:dev 0.0s done
#16 DONE 0.2s

View build details: docker-desktop://dashboard/build/desktop-linux/desktop-linux/ty76mf9xp76vnoha7o4h9xc3k