RUN_ID=22906227699
WORKFLOW=CI
DISPLAY_TITLE=B.2.2.4
EVENT=push
STATUS=completed
CONCLUSION=success
REPO=MelchorBatista/cnp-docker
BRANCH=feature/staging-prerequisitos
HEAD_SHA=6508960fc4570c0d06bf157eb06dbc2e80af489a
RUN_CREATED_AT=2026-03-10T14:00:24Z
RUN_UPDATED_AT=2026-03-10T14:03:19Z
RUN_URL=https://github.com/MelchorBatista/cnp-docker/actions/runs/22906227699
JOB_BUILD_AND_TEST_ID=66465526996
JOB_BUILD_AND_TEST_RESULT=success
JOB_BUILD_AND_TEST_STARTED_AT=2026-03-10T14:00:27Z
JOB_BUILD_AND_TEST_COMPLETED_AT=2026-03-10T14:00:52Z
JOB_DOCKER_ID=66465606126
JOB_DOCKER_RESULT=success
JOB_DOCKER_STARTED_AT=2026-03-10T14:00:55Z
JOB_DOCKER_COMPLETED_AT=2026-03-10T14:03:18Z
REMOTE_DOCKER_TAG=sha-6508960
REMOTE_PACKAGE_PATH=/home/runner/work/cnp-docker/cnp-docker/./evidence/docker_dev_ci/pipeline_20260310_140118/paquete
ARTIFACT_B223_ID=5850697484
ARTIFACT_B223_NAME=evidencia-b223-toolchain-seguridad-runner-docker-ci
ARTIFACT_B223_SIZE_BYTES=3087
ARTIFACT_B223_SHA256=1693969b607c3b56fafcf1f9143c5247dcb6262136832e4edfa9debe6f845a6c
ARTIFACT_B223_URL=https://github.com/MelchorBatista/cnp-docker/actions/runs/22906227699/artifacts/5850697484
ARTIFACT_B222_ID=5850704364
ARTIFACT_B222_NAME=evidencia-b222-pipeline-base-docker-dev-ci
ARTIFACT_B222_SIZE_BYTES=420543746
ARTIFACT_B222_SHA256=b41063a2128eeea3cb7afeab20d1942a0d0be74a3960e29deb9819086b9dc888
ARTIFACT_B222_URL=https://github.com/MelchorBatista/cnp-docker/actions/runs/22906227699/artifacts/5850704364
