Inventario de declaracion de variables - 2026-03-10

[backend/.env.example]
NODE_ENV=development
RUTA_ARCHIVO_ENTORNO=
PORT=28444
SERVER_PORT=28444
TRUST_PROXY=false
BASE_PATH=/cnp
API_PREFIX=/api
SOCKETIO_PATH=/socket.io
FRONTEND_URL=https://frontend-dev.example.local
CORS_ORIGINS=https://frontend-dev.example.local
CSRF_ORIGINS=https://frontend-dev.example.local
BACKEND_URL=
DB_SERVER_VALIDACION=q1491n2023
DB_PORT_VALIDACION=1433
VALIDACION_DATABASE=TablasComunes
DB_AUTH_VALIDACION=sql
DB_USER_VALIDACION=USUARIO_SQL_VALIDACION
DB_PASSWORD_VALIDACION=CLAVE_SQL_VALIDACION
DB_SERVER_CONSULTA=d1491n2023
DB_PORT_CONSULTA=1433
CONSULTA_DATABASE=DBCSASPv2
DB_AUTH_CONSULTA=sql
DB_USER_CONSULTA=USUARIO_SQL_CONSULTA
DB_PASSWORD_CONSULTA=CLAVE_SQL_CONSULTA
DB_SERVER_RECEPCION=d1491n2023
DB_PORT_RECEPCION=1433
RECEPCION_DATABASE=DBCSASPv2
DB_AUTH_RECEPCION=sql
DB_USER_RECEPCION=USUARIO_SQL_RECEPCION
DB_PASSWORD_RECEPCION=CLAVE_SQL_RECEPCION
DB_SERVER=d1491n2023
DB_USER=USUARIO_SQL_COMPARTIDO
DB_PASSWORD=CLAVE_SQL_COMPARTIDA
DB_PORT=1433
SQL_ENCRYPT=false
SQL_TRUST_SERVER_CERTIFICATE=true
SQL_POOL_MAX=10
SQL_POOL_MIN=0
SQL_POOL_IDLE_MILLIS=30000
VALIDATION_CACHE_TTL_MS=300000
SMTP_HOST=SMTP_HOST
SMTP_PORT=2525
SMTP_USER=SMTP_USER
SMTP_PASS=SMTP_PASS
SMTP_SECURE=false
SMTP_FROM=CNP <no-reply@example.com>
JWT_PRIVATE_KEY_PATH=secrets/es256-priv.pem
JWT_KID=val-2025-07-dev
JWT_SECRET=CAMBIAR_EN_CADA_ENTORNO
RATE_LIMIT_WINDOW_MS=60000
RATE_LIMIT_MAX=300
LOG_LEVEL=debug
FILE_UPLOAD_MAX_MB=50

[frontend/.env.example]
VITE_BASEPATH=/cnp/
VITE_API_BASE_URL=/api
VITE_API_URL=
VITE_LOGIN_ENDPOINT=/auth/login
VITE_STATUS_ENDPOINT=
VITE_CHANGE_PASSWORD_ENDPOINT=
VITE_VALIDATION_ENDPOINT=
VITE_SOCKET_URL=
VITE_BACKEND_URL=
VITE_STATUS_PAGE_URL=
VITE_SECRET_KEY=CAMBIAR_EN_CADA_ENTORNO
CNP_DEV_BACKEND_ORIGIN=https://backend-dev.example.local
IIS_BACKEND_UPSTREAM=http://backend:3000
FRONTEND_WEB_BACKEND_UPSTREAM=

[docker-compose.staging.yml]
      - "${PROXY_HTTP_PORT:-80}:80"
      - "${PROXY_HTTPS_PORT:-443}:443"
      PROXY_FRONTEND_UPSTREAM: "http://frontend:80"
      PROXY_BACKEND_UPSTREAM: "http://backend:3000"
      PROXY_BASE_PATH: "/cnp"
      PROXY_API_PREFIX: "/api"
      PROXY_SOCKETIO_PATH: "/socket.io"
      PROXY_SOCKETIO_COMPAT_PATH: "/cnp/socket.io"
      VITE_BASEPATH: "/cnp/"
      VITE_API_BASE_URL: "/api"
      VITE_SOCKET_URL: ""
      NODE_ENV: "production"
      PORT: "3000"
      SERVER_PORT: "3000"
      TRUST_PROXY: "true"
      BASE_PATH: "/cnp"
      API_PREFIX: "/api"
      SOCKETIO_PATH: "/socket.io"
      FRONTEND_URL: "${FRONTEND_URL:-https://staging.example.local}"
      BACKEND_URL: "${BACKEND_URL:-}"
      CORS_ORIGINS: "${CORS_ORIGINS:-https://staging.example.local}"
      CSRF_ORIGINS: "${CSRF_ORIGINS:-https://staging.example.local}"
      DB_SERVER_VALIDACION: "${DB_SERVER_VALIDACION:-q1491n2023}"
      DB_PORT_VALIDACION: "${DB_PORT_VALIDACION:-1433}"
      VALIDACION_DATABASE: "${VALIDACION_DATABASE:-TablasComunes}"
      DB_AUTH_VALIDACION: "${DB_AUTH_VALIDACION:-sql}"
      DB_USER_VALIDACION: "${DB_USER_VALIDACION:-USUARIO_SQL_VALIDACION}"
      DB_PASSWORD_VALIDACION: "${DB_PASSWORD_VALIDACION:-CLAVE_SQL_VALIDACION}"
      DB_SERVER_CONSULTA: "${DB_SERVER_CONSULTA:-d1491n2023}"
      DB_PORT_CONSULTA: "${DB_PORT_CONSULTA:-1433}"
      CONSULTA_DATABASE: "${CONSULTA_DATABASE:-DBCSASPv2}"
      DB_AUTH_CONSULTA: "${DB_AUTH_CONSULTA:-sql}"
      DB_USER_CONSULTA: "${DB_USER_CONSULTA:-USUARIO_SQL_CONSULTA}"
      DB_PASSWORD_CONSULTA: "${DB_PASSWORD_CONSULTA:-CLAVE_SQL_CONSULTA}"
      DB_SERVER_RECEPCION: "${DB_SERVER_RECEPCION:-d1491n2023}"
      DB_PORT_RECEPCION: "${DB_PORT_RECEPCION:-1433}"
      RECEPCION_DATABASE: "${RECEPCION_DATABASE:-DBCSASPv2}"
      DB_AUTH_RECEPCION: "${DB_AUTH_RECEPCION:-sql}"
      DB_USER_RECEPCION: "${DB_USER_RECEPCION:-USUARIO_SQL_RECEPCION}"
      DB_PASSWORD_RECEPCION: "${DB_PASSWORD_RECEPCION:-CLAVE_SQL_RECEPCION}"
      SQL_ENCRYPT: "${SQL_ENCRYPT:-false}"
      SQL_TRUST_SERVER_CERTIFICATE: "${SQL_TRUST_SERVER_CERTIFICATE:-true}"
      SQL_POOL_MAX: "${SQL_POOL_MAX:-10}"
      SQL_POOL_MIN: "${SQL_POOL_MIN:-0}"
      SQL_POOL_IDLE_MILLIS: "${SQL_POOL_IDLE_MILLIS:-30000}"
      SMTP_HOST: "${SMTP_HOST:-SMTP_HOST}"
      SMTP_PORT: "${SMTP_PORT:-2525}"
      SMTP_USER: "${SMTP_USER:-SMTP_USER}"
      SMTP_PASS: "${SMTP_PASS:-SMTP_PASS}"
      SMTP_SECURE: "${SMTP_SECURE:-false}"
      SMTP_FROM: "${SMTP_FROM:-CNP <no-reply@example.com>}"
      JWT_PRIVATE_KEY_PATH: "${JWT_PRIVATE_KEY_PATH:-/run/secrets/es256-priv.pem}"
      JWT_KID: "${JWT_KID:-val-2025-07-staging}"
      JWT_SECRET: "${JWT_SECRET:-CAMBIAR_EN_CADA_ENTORNO}"
      RATE_LIMIT_WINDOW_MS: "${RATE_LIMIT_WINDOW_MS:-60000}"
      RATE_LIMIT_MAX: "${RATE_LIMIT_MAX:-300}"
      LOG_LEVEL: "${LOG_LEVEL:-info}"
      FILE_UPLOAD_MAX_MB: "${FILE_UPLOAD_MAX_MB:-50}"

[frontend/Dockerfile]
ARG VITE_BASEPATH=/cnp/
ARG VITE_BACKEND_URL=
ARG VITE_API_BASE_URL=/api
ARG VITE_API_URL=
ARG VITE_SOCKET_URL=
ARG VITE_VALIDATION_ENDPOINT=
ARG VITE_STATUS_ENDPOINT=
ARG VITE_CHANGE_PASSWORD_ENDPOINT=
ARG VITE_LOGIN_ENDPOINT=/auth/login
ARG VITE_STATUS_PAGE_URL=
ARG VITE_SECRET_KEY=
ENV VITE_BASEPATH=${VITE_BASEPATH} \
    VITE_BACKEND_URL=${VITE_BACKEND_URL} \
    VITE_API_BASE_URL=${VITE_API_BASE_URL} \
    VITE_API_URL=${VITE_API_URL} \
    VITE_SOCKET_URL=${VITE_SOCKET_URL} \
    VITE_VALIDATION_ENDPOINT=${VITE_VALIDATION_ENDPOINT} \
    VITE_STATUS_ENDPOINT=${VITE_STATUS_ENDPOINT} \
    VITE_CHANGE_PASSWORD_ENDPOINT=${VITE_CHANGE_PASSWORD_ENDPOINT} \
    VITE_LOGIN_ENDPOINT=${VITE_LOGIN_ENDPOINT} \
    VITE_STATUS_PAGE_URL=${VITE_STATUS_PAGE_URL} \
    VITE_SECRET_KEY=${VITE_SECRET_KEY}
ARG OCI_TITLE=cnp-frontend
ARG OCI_VERSION=dev
ARG OCI_REVISION=local
ARG OCI_SOURCE=local
ARG OCI_CREATED=unknown

[proxy/Dockerfile]
ARG OCI_TITLE=cnp-proxy
ARG OCI_VERSION=dev
ARG OCI_REVISION=local
ARG OCI_SOURCE=local
ARG OCI_CREATED=unknown
ENV PROXY_FRONTEND_UPSTREAM=http://frontend:80 \
    PROXY_BACKEND_UPSTREAM=http://backend:3000 \
    PROXY_BASE_PATH=/cnp \
    PROXY_API_PREFIX=/api \
    PROXY_SOCKETIO_PATH=/socket.io \
    PROXY_SOCKETIO_COMPAT_PATH=/cnp/socket.io
