Resumen de matriz de variables - 2026-03-10
Declaradas unicas: 80
Consumidas unicas: 78
Declaradas y consumidas: 74
Declaradas sin consumidor directo: 6
Consumidas sin declaracion explicita: 4

[Declaradas y consumidas]
API_PREFIX
BACKEND_URL
BASE_PATH
CNP_DEV_BACKEND_ORIGIN
CONSULTA_DATABASE
CORS_ORIGINS
CSRF_ORIGINS
DB_AUTH_CONSULTA
DB_AUTH_RECEPCION
DB_AUTH_VALIDACION
DB_PASSWORD
DB_PASSWORD_CONSULTA
DB_PASSWORD_RECEPCION
DB_PASSWORD_VALIDACION
DB_PORT
DB_PORT_CONSULTA
DB_PORT_RECEPCION
DB_PORT_VALIDACION
DB_SERVER
DB_SERVER_CONSULTA
DB_SERVER_RECEPCION
DB_SERVER_VALIDACION
DB_USER
DB_USER_CONSULTA
DB_USER_RECEPCION
DB_USER_VALIDACION
FILE_UPLOAD_MAX_MB
FRONTEND_URL
FRONTEND_WEB_BACKEND_UPSTREAM
IIS_BACKEND_UPSTREAM
JWT_KID
JWT_PRIVATE_KEY_PATH
JWT_SECRET
LOG_LEVEL
NODE_ENV
PORT
PROXY_API_PREFIX
PROXY_BACKEND_UPSTREAM
PROXY_BASE_PATH
PROXY_FRONTEND_UPSTREAM
PROXY_HTTP_PORT
PROXY_HTTPS_PORT
PROXY_SOCKETIO_COMPAT_PATH
PROXY_SOCKETIO_PATH
RATE_LIMIT_MAX
RATE_LIMIT_WINDOW_MS
RECEPCION_DATABASE
RUTA_ARCHIVO_ENTORNO
SERVER_PORT
SMTP_FROM
SMTP_HOST
SMTP_PASS
SMTP_PORT
SMTP_SECURE
SMTP_USER
SOCKETIO_PATH
SQL_ENCRYPT
SQL_POOL_IDLE_MILLIS
SQL_POOL_MAX
SQL_POOL_MIN
SQL_TRUST_SERVER_CERTIFICATE
TRUST_PROXY
VALIDACION_DATABASE
VALIDATION_CACHE_TTL_MS
VITE_API_BASE_URL
VITE_API_URL
VITE_BACKEND_URL
VITE_BASEPATH
VITE_CHANGE_PASSWORD_ENDPOINT
VITE_LOGIN_ENDPOINT
VITE_SECRET_KEY
VITE_SOCKET_URL
VITE_STATUS_ENDPOINT
VITE_VALIDATION_ENDPOINT

[Declaradas sin consumidor directo]
OCI_CREATED
OCI_REVISION
OCI_SOURCE
OCI_TITLE
OCI_VERSION
VITE_STATUS_PAGE_URL

[Consumidas sin declaracion explicita]
BASE_URL
DEV
MODE
PROD
